
🧪 测试连接: sisyphus...

🧠 Axon: cli 模式调用失败，尝试回退...
318 | `+this.paginator.paginate(B,X,this.opt.pageSize)}if(D)$=nD.default.red(">> ")+D;F+=dL.default.cursorHide,this.screen.render(F,$)}onEnd(D){this.status="answered",this.dontShowHints=!0,this.render(),this.screen.done(),this.done(D.value)}onError(D){this.render(D.isValid)}getCurrentValue(){let D=this.opt.choices.filter((F)=>Boolean(F.checked)&&!F.disabled);return this.selection=D.map((F)=>F.short),D.map((F)=>F.value)}onUpKey(){this.pointer=$1(this.pointer,"up",this.opt),this.render()}onDownKey(){this.pointer=$1(this.pointer,"down",this.opt),this.render()}onNumberKey(D){if(D<=this.opt.choices.realLength)this.pointer=D-1,this.toggleChoice(this.pointer);this.render()}onSpaceKey(){this.toggleChoice(this.pointer),this.render()}onAllKey(){let D=this.opt.choices.some((F)=>F.type!=="separator"&&!F.checked);this.opt.choices.forEach((F)=>{if(F.type!=="separator")F.checked=D}),this.render()}onInverseKey(){this.opt.choices.forEach((D)=>{if(D.type!=="separator")D.checked=!D.checked}),this.render()}toggleChoice(D){let F=this.o
319 | `;return}if(J.disabled)B++,$+=" - "+J.name,$+=` (${typeof J.disabled==="string"?J.disabled:"Disabled"})`;else{let H=w6D(J.checked)+" "+J.name;$+=X-B===F?nD.default.cyan(P1.pointer+H):" "+H}$+=`
320 | `}),$.replaceAll(/\n$/g,"")}function w6D(D){return D?nD.default.green(P1.radioOn):P1.radioOff}var k8=h(eD(),1),M9=h(lD(),1);function pL(D,F){if(D=String(D),F=typeof F==="string"?F:"*",D.length===0)return"";return Array.from({length:D.length+1}).join(F)}class C9 extends TD{_run(D){this.done=D;let F=jD(this.rl),$=F.line.pipe(M9.map(this.filterInput.bind(this))),B=this.handleSubmitEvents($);return B.success.forEach(this.onEnd.bind(this)),B.error.forEach(this.onError.bind(this)),F.keypress.pipe(M9.takeUntil(B.success)).forEach(this.onKeypress.bind(this)),this.render(),this}render(D){let F=this.getQuestion(),$="";if(F+=this.status==="answered"?this.getMaskedValue(this.answer):this.getMaskedValue(this.rl.line||""),D)$=`
321 | `+k8.default.red(">> ")+D;this.screen.render(F,$)}getMaskedValue(D){if(this.status==="answered")return this.opt.mask?k8.default.cyan(pL(D,this.opt.mask)):k8.default.italic(k8.default.dim("[hidden]"));return this.opt.mask?pL(D,this.opt.mask):k8.default.italic(k8.default.dim("[input is hidden] "))}getSpinningValue(D){return this.getMaskedValue(D)}filterInput(D){if(!D)return this.opt.default==null?"":this.opt.default;return D}onEnd(D){this.status="answered",this.answer=D.value,this.render(),this.screen.done(),this.done(D.value)}onError(D){this.render(D.isValid)}onKeypress(){this.opt.default&&=void 0,this.render()}}var y9=h(eD(),1);var RT=h(kZ(),1),DX=h(CT(),1);import{spawn as s4D,spawnSync as r4D}from"child_process";import{readFileSync as t4D,unlinkSync as e4D,writeFileSync as D3D}from"fs";import eJ from"path";import F3D from"os";import{randomUUID as $3D}from"crypto";class sJ extends Error{originalError;constructor(D){super(`Failed to create temporary file. ${D.message}`);this.originalError=D}}class x9 extends E
322 | `).length),this}updateBottomBar(D){return h3(this.rl,1),this.rl.output.unmute(),this.clean(),this.bottomBar=D,this.render(),this.rl.output.mute(),this}writeLog(D){return this.rl.output.unmute(),this.clean(),this.rl.output.write(this.enforceLF(D.toString())),this.render(),this.rl.output.mute(),this}enforceLF(D){return/[\n\r]$/.test(D)?D:D+`
323 | `);let D=await BX({message:"\uD83C\uDF40 \u4F60\u60F3\u6784\u5EFA\u4EC0\u4E48\u9879\u76EE\uFF1F",validate:(Q)=>Q.length>5||"\u8BF7\u63D0\u4F9B\u66F4\u8BE6\u7EC6\u7684\u63CF\u8FF0"}),F=await $X("\uD83D\uDCE6 \u9879\u76EE\u7C7B\u578B\uFF1F",[{name:"Web API",value:"api",description:"RESTful \u6216 GraphQL \u540E\u7AEF\u670D\u52A1"},{name:"Web \u5E94\u7528",value:"webapp",description:"\u524D\u7AEF + \u540E\u7AEF\u5B8C\u6574\u5E94\u7528"},{name:"CLI \u5DE5\u5177",value:"cli",description:"\u547D\u4EE4\u884C\u5DE5\u5177"},{name:"\u5E93/SDK",value:"library",description:"\u53EF\u590D\u7528\u7684\u4EE3\u7801\u5E93"},{name:"\u5176\u4ED6",value:"other",description:"\u5176\u4ED6\u7C7B\u578B\u9879\u76EE"}]),$=this.getFeatureOptions(F),B=await vT("\u2728 \u9700\u8981\u54EA\u4E9B\u529F\u80FD\uFF1F",$),J=await $X("\uD83D\uDEE0\uFE0F \u6280\u672F\u6808\u504F\u597D\uFF1F",[{name:"TypeScript + Bun",value:"typescript-bun",description:"\u5FEB\u901F\u3001\u73B0\u4EE3\u7684 JS \u8FD0\u884C\u65F6"},{name:"TypeScript + Node.js",value:

error: OpenCode CLI 调用失败: OpenCode CLI 执行失败: 
      at chat (/$bunfs/root/ax:323:4985)
      at async chat (/$bunfs/root/ax:328:4319)
      at async <anonymous> (/$bunfs/root/ax:513:49)

❌ 连接失败: 未找到有效的 LLM 配置或 API 密钥
323 | `}write(D){let F=D.split(/\n/);if(this.height=F.length,this.rl.setPrompt(F.at(-1)),this.rl.output.rows===0&&this.rl.output.columns===0)X9(this.rl,D.length+this.rl.line.length);this.rl.output.write(D)}}var t=h(lD(),1),kT=h(B3(),1);var h9=h(lD(),1),jT=h(B3(),1),u9=function(D,F,$){if(typeof D[F]!=="function")return h9.of(D);return h9.from(jT.default(D[F])($).then((B)=>{return D[F]=B,D}))};var ST={set:(D,F="",$)=>{let B=D;F.split(".").forEach((J,X,H)=>{if(J==="__proto__"||J==="constructor")return;if(X===H.length-1)B[J]=$;else if(!(J in B)||typeof B[J]!=="object")B[J]={};B=B[J]})},get:(D,F="",$)=>{let B=(X)=>String.prototype.split.call(F,X).filter(Boolean).reduce((H,Q)=>H!==null&&H!==void 0?H[Q]:H,D),J=B(/[,[\]]+?/)||B(/[,.[\]]+?/);return J===void 0||J===D?$:J}};class a3 extends W4{constructor(D,F){super(F);this.prompts=D}run(D,F){this.answers=typeof F==="object"?{...F}:{};let $;if(Array.isArray(D))$=t.from(D);else if(t.isObservable(D))$=D;else if(Object.values(D).every((B)=>typeof B==="object"&&!Array.isArray(B)&
324 | `);let D=await BX({message:"\uD83C\uDF40 \u4F60\u60F3\u6784\u5EFA\u4EC0\u4E48\u9879\u76EE\uFF1F",validate:(Q)=>Q.length>5||"\u8BF7\u63D0\u4F9B\u66F4\u8BE6\u7EC6\u7684\u63CF\u8FF0"}),F=await $X("\uD83D\uDCE6 \u9879\u76EE\u7C7B\u578B\uFF1F",[{name:"Web API",value:"api",description:"RESTful \u6216 GraphQL \u540E\u7AEF\u670D\u52A1"},{name:"Web \u5E94\u7528",value:"webapp",description:"\u524D\u7AEF + \u540E\u7AEF\u5B8C\u6574\u5E94\u7528"},{name:"CLI \u5DE5\u5177",value:"cli",description:"\u547D\u4EE4\u884C\u5DE5\u5177"},{name:"\u5E93/SDK",value:"library",description:"\u53EF\u590D\u7528\u7684\u4EE3\u7801\u5E93"},{name:"\u5176\u4ED6",value:"other",description:"\u5176\u4ED6\u7C7B\u578B\u9879\u76EE"}]),$=this.getFeatureOptions(F),B=await vT("\u2728 \u9700\u8981\u54EA\u4E9B\u529F\u80FD\uFF1F",$),J=await $X("\uD83D\uDEE0\uFE0F \u6280\u672F\u6808\u504F\u597D\uFF1F",[{name:"TypeScript + Bun",value:"typescript-bun",description:"\u5FEB\u901F\u3001\u73B0\u4EE3\u7684 JS \u8FD0\u884C\u65F6"},{name:"TypeScript + Node.js",value:
325 | `);for(let K of W)if(K.startsWith("DATA:")){let A=K.slice(5);J+=A,yield A}else if(K.startsWith("META:"))X=JSON.parse(K.slice(5))}}finally{Q.releaseLock()}return{content:J,model:X?.model_used||"unknown",tokens:{input:X?.usage?.input_tokens||0,output:X?.usage?.output_tokens||0},cost:X?.cost_usd||0}}async complete(D,F){return(await this.chat([{role:"user",content:D}],F)).content}formatMessages(D){return D.map((F)=>`<${F.role}>
326 | ${F.content}
327 | </${F.role}>`).join(`
328 | `)}}import{existsSync as xT,readFileSync as W3D}from"fs";import{homedir as z3D}from"os";function yT(){let D=z3D();return[`${D}/.omo/providers.yaml`,`${D}/.config/opencode/oh-my-opencode.json`,`${D}/.config/opencode/opencode.json`]}function fT(){return yT().some((D)=>xT(D))}class aD{providers=[];configSource="";defaultProvider;fallbackChain=[];constructor(){this.loadConfig()}loadConfig(){let D=yT();for(let F of D)if(xT(F))try{let $=W3D(F,"utf-8");if(F.endsWith(".yaml")||F.endsWith(".yml"))this.loadYamlConfig($);else if(F.endsWith(".json"))this.loadJsonConfig($);if(this.providers.length>0){this.configSource=F;break}}catch($){console.warn(`Failed to parse config at ${F}:`,$)}}loadYamlConfig(D){let F=r4(D);if(F.providers)this.providers=F.providers,this.defaultProvider=F.default_provider,this.fallbackChain=F.fallback_chain||[]}loadJsonConfig(D){let F=JSON.parse(D);if(F.agents){if(this.providers=Object.entries(F.agents).map(([$,B])=>{let[J]=(B.model||"").split("/");return{name:$,models:[B.model||"unknown"],type:J||

AxonError: 未找到有效的 LLM 配置或 API 密钥
 suggestions: [ "检查网络连接", "验证 API 密钥是否有效", "运行 `ax doctor --check-keys` 验证密钥" ],
 statusCode: 401,
       code: "API_ERROR"

      at chat (/$bunfs/root/ax:328:4513)
      at chat (/$bunfs/root/ax:328:4928)
      at async <anonymous> (/$bunfs/root/ax:513:49)

